2026-03-24 12:00:54,328 - pednstream.ltm.network - INFO - Network initialization started, assign flows type: classic
2026-03-24 12:00:54,328 - pednstream.ltm.network - INFO - Controller configuration: enabled: False, nodes: set(), links: []
2026-03-24 12:13:17,187 - pednstream.ltm.network - INFO - Network initialization started, assign flows type: classic
2026-03-24 12:13:17,187 - pednstream.ltm.network - INFO - Controller configuration: enabled: False, nodes: set(), links: []
2026-03-24 12:15:53,398 - pednstream.ltm.network - INFO - Network initialization started, assign flows type: classic
2026-03-24 12:15:53,398 - pednstream.ltm.network - INFO - Controller configuration: enabled: False, nodes: set(), links: []
2026-03-24 12:15:53,400 - pednstream.ltm.network - INFO - Total demand of origin node 0: 5573
2026-03-24 12:15:53,400 - pednstream.ltm.network - INFO - No demand configuration found for origin 146, using defaults
2026-03-24 12:15:53,400 - pednstream.ltm.network - INFO - Total demand of origin node 146: 3730
2026-03-24 12:15:53,401 - pednstream.ltm.network - INFO - No demand configuration found for origin 8, using defaults
2026-03-24 12:15:53,401 - pednstream.ltm.network - INFO - Total demand of origin node 8: 3730
2026-03-24 12:15:53,401 - pednstream.ltm.network - INFO - No demand configuration found for origin 249, using defaults
2026-03-24 12:15:53,401 - pednstream.ltm.network - INFO - Total demand of origin node 249: 3730
2026-03-24 12:15:53,402 - pednstream.ltm.network - INFO - Total demand of origin node 13: 6180
2026-03-24 12:15:53,408 - pednstream.ltm.network - INFO - No demand configuration found for origin 97, using defaults
2026-03-24 12:15:53,408 - pednstream.ltm.network - INFO - Total demand of origin node 97: 3730
2026-03-24 12:15:53,409 - pednstream.ltm.network - INFO - Total demand of origin node 80: 4908
2026-03-24 12:15:53,415 - pednstream.ltm.network - INFO - No demand configuration found for origin 247, using defaults
2026-03-24 12:15:53,415 - pednstream.ltm.network - INFO - Total demand of origin node 247: 3730
2026-03-24 12:15:53,416 - pednstream.ltm.network - INFO - No demand configuration found for origin 142, using defaults
2026-03-24 12:15:53,416 - pednstream.ltm.network - INFO - Total demand of origin node 142: 3730
2026-03-24 12:15:53,416 - pednstream.ltm.network - INFO - No demand configuration found for origin 143, using defaults
2026-03-24 12:15:53,416 - pednstream.ltm.network - INFO - Total demand of origin node 143: 3730
2026-03-24 12:15:53,420 - pednstream.ltm.network - INFO - No demand configuration found for origin 294, using defaults
2026-03-24 12:15:53,420 - pednstream.ltm.network - INFO - Total demand of origin node 294: 3730
2026-03-24 12:15:53,422 - pednstream.ltm.network - INFO - No demand configuration found for origin 266, using defaults
2026-03-24 12:15:53,423 - pednstream.ltm.network - INFO - Total demand of origin node 266: 3730
2026-03-24 12:15:53,424 - pednstream.ltm.network - INFO - Network initialized with 298 nodes and 818 links
2026-03-24 12:15:53,424 - pednstream.ltm.network - INFO - No OD flows provided, initializing with ones
2026-03-24 12:22:44,499 - pednstream.ltm.network - INFO - Network initialization started, assign flows type: classic
2026-03-24 12:22:44,499 - pednstream.ltm.network - INFO - Controller configuration: enabled: False, nodes: set(), links: []
2026-03-24 12:22:44,499 - pednstream.ltm.network - INFO - Total demand of origin node 0: 5573
2026-03-24 12:22:44,500 - pednstream.ltm.network - INFO - No demand configuration found for origin 146, using defaults
2026-03-24 12:22:44,500 - pednstream.ltm.network - INFO - Total demand of origin node 146: 3730
2026-03-24 12:22:44,501 - pednstream.ltm.network - INFO - No demand configuration found for origin 8, using defaults
2026-03-24 12:22:44,501 - pednstream.ltm.network - INFO - Total demand of origin node 8: 3730
2026-03-24 12:22:44,501 - pednstream.ltm.network - INFO - No demand configuration found for origin 249, using defaults
2026-03-24 12:22:44,501 - pednstream.ltm.network - INFO - Total demand of origin node 249: 3730
2026-03-24 12:22:44,502 - pednstream.ltm.network - INFO - Total demand of origin node 13: 6180
2026-03-24 12:22:44,509 - pednstream.ltm.network - INFO - No demand configuration found for origin 97, using defaults
2026-03-24 12:22:44,509 - pednstream.ltm.network - INFO - Total demand of origin node 97: 3730
2026-03-24 12:22:44,509 - pednstream.ltm.network - INFO - Total demand of origin node 80: 4908
2026-03-24 12:22:44,516 - pednstream.ltm.network - INFO - No demand configuration found for origin 247, using defaults
2026-03-24 12:22:44,516 - pednstream.ltm.network - INFO - Total demand of origin node 247: 3730
2026-03-24 12:22:44,516 - pednstream.ltm.network - INFO - No demand configuration found for origin 142, using defaults
2026-03-24 12:22:44,516 - pednstream.ltm.network - INFO - Total demand of origin node 142: 3730
2026-03-24 12:22:44,516 - pednstream.ltm.network - INFO - No demand configuration found for origin 143, using defaults
2026-03-24 12:22:44,516 - pednstream.ltm.network - INFO - Total demand of origin node 143: 3730
2026-03-24 12:22:44,521 - pednstream.ltm.network - INFO - No demand configuration found for origin 294, using defaults
2026-03-24 12:22:44,521 - pednstream.ltm.network - INFO - Total demand of origin node 294: 3730
2026-03-24 12:22:44,524 - pednstream.ltm.network - INFO - No demand configuration found for origin 266, using defaults
2026-03-24 12:22:44,524 - pednstream.ltm.network - INFO - Total demand of origin node 266: 3730
2026-03-24 12:22:44,525 - pednstream.ltm.network - INFO - Network initialized with 298 nodes and 818 links
2026-03-24 12:22:44,525 - pednstream.ltm.network - INFO - No OD flows provided, initializing with ones
2026-03-31 22:34:52,855 - pednstream.ltm.network - INFO - Network initialization started, assign flows type: classic
2026-03-31 22:34:52,855 - pednstream.ltm.network - INFO - Controller configuration: enabled: False, nodes: set(), links: []
2026-03-31 22:34:52,857 - pednstream.ltm.network - INFO - Total demand of origin node 0: 6595
2026-03-31 22:34:52,857 - pednstream.ltm.network - INFO - Total demand of origin node 5: 6595
2026-03-31 22:34:52,857 - pednstream.ltm.network - INFO - Network initialized with 6 nodes and 10 links
2026-03-31 22:35:58,391 - pednstream.ltm.network - INFO - Network initialization started, assign flows type: classic
2026-03-31 22:35:58,392 - pednstream.ltm.network - INFO - Controller configuration: enabled: False, nodes: set(), links: []
2026-03-31 22:35:58,392 - pednstream.ltm.network - INFO - Total demand of origin node 0: 6595
2026-03-31 22:35:58,392 - pednstream.ltm.network - INFO - Total demand of origin node 5: 6595
2026-03-31 22:35:58,392 - pednstream.ltm.network - INFO - Network initialized with 6 nodes and 10 links
2026-03-31 22:36:09,641 - pednstream.ltm.network - INFO - Network initialization started, assign flows type: classic
2026-03-31 22:36:09,641 - pednstream.ltm.network - INFO - Controller configuration: enabled: False, nodes: set(), links: []
2026-03-31 22:36:09,641 - pednstream.ltm.network - INFO - Total demand of origin node 0: 6595
2026-03-31 22:36:09,642 - pednstream.ltm.network - INFO - Total demand of origin node 5: 6595
2026-03-31 22:36:09,645 - pednstream.ltm.network - INFO - Network initialized with 6 nodes and 10 links
2026-04-01 10:52:14,299 - pednstream.ltm.network - INFO - Network initialization started, assign flows type: classic
2026-04-01 10:52:14,299 - pednstream.ltm.network - INFO - Custom demand pattern registered: spike_pattern
2026-04-01 10:52:14,299 - pednstream.ltm.network - INFO - Controller configuration: enabled: False, nodes: set(), links: []
2026-04-01 10:52:14,300 - pednstream.ltm.network - INFO - Total demand of origin node 4: 5198
2026-04-01 10:52:14,300 - pednstream.ltm.network - INFO - Network initialized with 6 nodes and 16 links
